======================================================================
H5 Extension — Zebra Equivalence Gate (native vs nemo-delegation)
======================================================================

=== Pre-flight ===
uptime load (1-min): 1.02
  WARNUNG: load=1.02>=0.5
  → measurements proceed, but get a '(load-belastet)' marker.
Nemo: nemo-cli 0.10.0

=== Pfad A — native (subprocess) ===
subprocess native done: elapsed=1.485s n_new_first=40 n_subj=674 n_triples=2702 idem_n_new=0
native subprocess wall: 4.933s

=== Pfad B — delegation (subprocess) ===
subprocess delegation done: elapsed=1.102s n_new_first=40 n_subj=674 n_triples=2702 idem_n_new=0
delegation subprocess wall: 4.099s

=== Gate evaluation ===
native:    n_subj=674, n_triples=2702, new_statements=40, elapsed=1.485s
delegation:n_subj=674, n_triples=2702, new_statements=40, elapsed=1.102s

[Gate 1] state equivalence: OK  diff_subjects=0

[Gate 2] idempotency:       OK  extra_native=0 extra_delegation=0

[Gate 3] dup-multiset == native:  OK  diff_triples=0 native_dups=0 deleg_dups=0

======================================================================
GATE-RESULT:
  gate_1_state_equivalent: true  (diff_subjects=0)
  gate_2_idempotent:       true  (extra_native=0, extra_delegation=0)
  gate_3_dup_equiv_native: true  (diff_triples=0, native_dups=0, deleg_dups=0)
  gate_1_ok: true
  gate_2_ok: true
  gate_3_ok: true
  overall_gate_ok:         true
  t_native_sec:            1.4853  (load=1.02,(load-belastet))
  t_delegation_sec:        1.1023  (load=1.02,(load-belastet))
  speedup_fullrun:         1.35x
======================================================================
