======================================================================
H5 Phase 2 — Equivalence Gate (native vs nemo-delegation)
======================================================================

=== Pre-flight ===
uptime load (1-min): 0.07
Nemo: nemo-cli 0.10.0

=== Pfad A — native (subprocess) ===
subprocess native done: elapsed=323.568s n_new_first=339 n_subj=1442 n_triples=6555 idem_n_new=None
native subprocess wall: 329.229s

=== Pfad B — delegation (subprocess) ===
subprocess delegation done: elapsed=1.025s n_new_first=339 n_subj=1442 n_triples=6555 idem_n_new=0
delegation subprocess wall: 6.389s

=== Gate evaluation ===
native:    n_subj=1442, n_triples=6555, new_statements=339, elapsed=323.568s
delegation:n_subj=1442, n_triples=6555, new_statements=339, elapsed=1.025s

[Gate 1] state equivalence: DIFF  diff_subjects=5
  subject=irk:/ocse/0.2/agents#I4122
    only_in_B (2):
      ('irk:/builtins#R83', 'irk:/builtins#I12')
      ('irk:/builtins#R83', 'irk:/builtins#I18')
  subject=irk:/ocse/0.2/control_theory#I6873
    only_in_A (1):
      ('irk:/builtins#R83', 'irk:/ocse/0.2/control_theory#I9152')
    only_in_B (1):
      ('irk:/builtins#R83', 'irk:/ocse/0.2/agents#I9152')
  subject=irk:/ocse/0.2/control_theory#I9223
    only_in_A (1):
      ('irk:/builtins#R83', 'irk:/ocse/0.2/control_theory#I1696')
  subject=irk:/ocse/0.2/math#I4122
    only_in_A (2):
      ('irk:/builtins#R83', 'irk:/builtins#I12')
      ('irk:/builtins#R83', 'irk:/builtins#I18')
  subject=irk:/ocse/0.2/math#I9223
    only_in_B (1):
      ('irk:/builtins#R83', 'irk:/ocse/0.2/control_theory#I1696')

[Gate 2] idempotency:       OK  extra_stmts_on_replay=0

[Gate 3] no duplicates:     DUPS  duplicate_triples=5 max_multiplicity=3
  mult=3  ('irk:/ocse/0.2/control_theory#Ia26808', 'irk:/builtins#R31', 'irk:/ocse/0.2/math#I5000')
  mult=2  ('irk:/ocse/0.2/math#Ia86475', 'irk:/builtins#R31', 'irk:/ocse/0.2/math#Ia79736')
  mult=2  ('irk:/ocse/0.2/math#Ia92990', 'irk:/builtins#R31', 'irk:/ocse/0.2/math#Ia38008')
  mult=2  ('irk:/ocse/0.2/math#Ia90004', 'irk:/builtins#R31', 'irk:/ocse/0.2/math#I5000')
  mult=2  ('irk:/ocse/0.2/control_theory#Ia75577', 'irk:/builtins#R30', 'irk:/ocse/0.2/control_theory#I9199')

======================================================================
GATE-RESULT:
  gate_1_state_equivalent: false  (diff_subjects=5)
  gate_2_idempotent:       true  (extra_stmts_on_replay=0)
  gate_3_no_duplicates:    false  (max_multiplicity=3)
  overall_gate_ok:         false
  t_native_sec:            323.5683  (load=0.07,ok)
  t_delegation_sec:        1.0252  (load=1.08,(load-belastet))
  speedup_fullrun:         315.62x
======================================================================
